hduser@bmsce-Precision-T1700:~$ cd eclipse-workspace
hduser@bmsce-Precision-T1700:~/eclipse-workspace$ ls
wordcount  WordCount.jar
hduser@bmsce-Precision-T1700:~/eclipse-workspace$ su hduser
Password: 
hduser@bmsce-Precision-T1700:~/eclipse-workspace$ cd..
cd..: command not found
hduser@bmsce-Precision-T1700:~/eclipse-workspace$ 
hduser@bmsce-Precision-T1700:~/eclipse-workspace$ cd /usr/local/hadoop/sbin
hduser@bmsce-Precision-T1700:/usr/local/hadoop/sbin$ start-all.sh
This script is Deprecated. Instead use start-dfs.sh and start-yarn.sh
Starting namenodes on [localhost]
hduser@localhost's password: 
localhost: starting namenode, logging to /usr/local/hadoop/logs/hadoop-hduser-namenode-bmsce-Precision-T1700.out
hduser@localhost's password: 
localhost: starting datanode, logging to /usr/local/hadoop/logs/hadoop-hduser-datanode-bmsce-Precision-T1700.out
Starting secondary namenodes [0.0.0.0]
hduser@0.0.0.0's password: 
0.0.0.0: starting secondarynamenode, logging to /usr/local/hadoop/logs/hadoop-hduser-secondarynamenode-bmsce-Precision-T1700.out
starting yarn daemons
starting resourcemanager, logging to /usr/local/hadoop/logs/yarn-hduser-resourcemanager-bmsce-Precision-T1700.out
hduser@localhost's password: 
localhost: starting nodemanager, logging to /usr/local/hadoop/logs/yarn-hduser-nodemanager-bmsce-Precision-T1700.out
hduser@bmsce-Precision-T1700:/usr/local/hadoop/sbin$ jps
10704 org.eclipse.equinox.launcher_1.5.600.v20191014-2022.jar
13712 NameNode
14721 Jps
14258 ResourceManager
14099 SecondaryNameNode
13885 DataNode
14590 NodeManager
hduser@bmsce-Precision-T1700:/usr/local/hadoop/sbin$ hadoop fs -ls /
Found 11 items
drwxr-xr-x   - hduser supergroup          0 2022-06-03 12:20 /Nishu
drwxr-xr-x   - hduser supergroup          0 2022-06-03 12:45 /Shree
drwxr-xr-x   - hduser supergroup          0 2022-06-04 09:44 /abc
drwxr-xr-x   - hduser supergroup          0 2022-06-03 15:14 /bharath
drwxr-xr-x   - hduser supergroup          0 2022-06-03 15:14 /bhavya
drwxr-xr-x   - hduser supergroup          0 2022-06-06 15:41 /ketan_076
drwxr-xr-x   - hduser supergroup          0 2022-06-06 15:41 /new_folder
-rw-r--r--   1 hduser supergroup         33 2022-06-03 12:11 /nishu
drwxrwxr-x   - hduser supergroup          0 2019-08-01 16:19 /tmp
drwxr-xr-x   - hduser supergroup          0 2019-08-01 16:03 /user
drwxr-xr-x   - hduser supergroup          0 2022-06-01 15:23 /user1
hduser@bmsce-Precision-T1700:/usr/local/hadoop/sbin$ hadoop fs -mkdir /rgs
hduser@bmsce-Precision-T1700:/usr/local/hadoop/sbin$ hadoop fs -copyFromLocal /home/hduser/Desktop/sample.txt  /rgs/test.txt
hduser@bmsce-Precision-T1700:/usr/local/hadoop/sbin$ hadoop fs -ls
ls: `.': No such file or directory
hduser@bmsce-Precision-T1700:/usr/local/hadoop/sbin$ hadoop fs -ls /rgs
Found 1 items
drwxr-xr-x   - hduser supergroup          0 2022-06-20 12:22 /rgs/test.txt
hduser@bmsce-Precision-T1700:/usr/local/hadoop/sbin$ hadoop fs -ls /output/
ls: `/output/': No such file or directory
hduser@bmsce-Precision-T1700:/usr/local/hadoop/sbin$ hadoop jar /home/hduser/Desktop/Jwordcount.jar WCDriver input output
Not a valid JAR: /home/hduser/Desktop/Jwordcount.jar
hduser@bmsce-Precision-T1700:/usr/local/hadoop/sbin$ hadoop jar /home/hduser/Desktop/WordCount.jar WCDriver input output
Not a valid JAR: /home/hduser/Desktop/WordCount.jar
hduser@bmsce-Precision-T1700:/usr/local/hadoop/sbin$ hadoop jar /home/hduser/Desktop/WordCount.jar worcount.WCDriver /rgs/test.txt  /output/
hduser@bmsce-Precision-T1700:/usr/local/hadoop/sbin$ hadoop jar /home/hduser/eclipse-workspace/WordCount.jar wordcount.WCDriver  /rgs/test.txt /output/
22/06/20 12:33:15 INFO Configuration.deprecation: session.id is deprecated. Instead, use dfs.metrics.session-id
22/06/20 12:33:15 INFO jvm.JvmMetrics: Initializing JVM Metrics with processName=JobTracker, sessionId=
22/06/20 12:33:15 INFO jvm.JvmMetrics: Cannot initialize JVM Metrics with processName=JobTracker, sessionId= - already initialized
22/06/20 12:33:15 WARN mapreduce.JobSubmitter: Hadoop command-line option parsing not performed. Implement the Tool interface and execute your application with ToolRunner to remedy this.
22/06/20 12:33:15 INFO mapred.FileInputFormat: Total input paths to process : 2
22/06/20 12:33:15 INFO mapreduce.JobSubmitter: Cleaning up the staging area file:/app/hadoop/tmp/mapred/staging/hduser1972383540/.staging/job_local1972383540_0001
Exception in thread "main" java.io.IOException: Not a file: hdfs://localhost:54310/rgs/test.txt/Ubuntu-Softwares-Installation-files-31-07-2019
	at org.apache.hadoop.mapred.FileInputFormat.getSplits(FileInputFormat.java:320)
	at org.apache.hadoop.mapreduce.JobSubmitter.writeOldSplits(JobSubmitter.java:624)
	at org.apache.hadoop.mapreduce.JobSubmitter.writeSplits(JobSubmitter.java:616)
	at org.apache.hadoop.mapreduce.JobSubmitter.submitJobInternal(JobSubmitter.java:492)
	at org.apache.hadoop.mapreduce.Job$10.run(Job.java:1296)
	at org.apache.hadoop.mapreduce.Job$10.run(Job.java:1293)
	at java.security.AccessController.doPrivileged(Native Method)
	at javax.security.auth.Subject.doAs(Subject.java:422)
	at org.apache.hadoop.security.UserGroupInformation.doAs(UserGroupInformation.java:1628)
	at org.apache.hadoop.mapreduce.Job.submit(Job.java:1293)
	at org.apache.hadoop.mapred.JobClient$1.run(JobClient.java:562)
	at org.apache.hadoop.mapred.JobClient$1.run(JobClient.java:557)
	at java.security.AccessController.doPrivileged(Native Method)
	at javax.security.auth.Subject.doAs(Subject.java:422)
	at org.apache.hadoop.security.UserGroupInformation.doAs(UserGroupInformation.java:1628)
	at org.apache.hadoop.mapred.JobClient.submitJobInternal(JobClient.java:557)
	at org.apache.hadoop.mapred.JobClient.submitJob(JobClient.java:548)
	at org.apache.hadoop.mapred.JobClient.runJob(JobClient.java:833)
	at wordcount.WCDriver.run(WCDriver.java:30)
	at org.apache.hadoop.util.ToolRunner.run(ToolRunner.java:70)
	at org.apache.hadoop.util.ToolRunner.run(ToolRunner.java:84)
	at wordcount.WCDriver.main(WCDriver.java:36)
	at sun.reflect.NativeMethodAccessorImpl.invoke0(Native Method)
	at sun.reflect.NativeMethodAccessorImpl.invoke(NativeMethodAccessorImpl.java:62)
	at sun.reflect.DelegatingMethodAccessorImpl.invoke(DelegatingMethodAccessorImpl.java:43)
	at java.lang.reflect.Method.invoke(Method.java:498)
	at org.apache.hadoop.util.RunJar.run(RunJar.java:221)
	at org.apache.hadoop.util.RunJar.main(RunJar.java:136)
hduser@bmsce-Precision-T1700:/usr/local/hadoop/sbin$ hadoop fs -cat /rgs/test.txt
cat: `/rgs/test.txt': Is a directory
hduser@bmsce-Precision-T1700:/usr/local/hadoop/sbin$ hadoop fs -copyFromLocal /home/hduser/Desktop/sample.txt  /rgs/team.txt
hduser@bmsce-Precision-T1700:/usr/local/hadoop/sbin$ hadoop fs -cat /rgs/team.txt
hi how are you
how is your job
how is your family
how is your brother
how is your sister
hduser@bmsce-Precision-T1700:/usr/local/hadoop/sbin$ hadoop jar /home/hduser/eclipse-workspace/WordCount.jar wordcount.WCDriver  /rgs/team.txt /output/
22/06/20 12:38:54 INFO Configuration.deprecation: session.id is deprecated. Instead, use dfs.metrics.session-id
22/06/20 12:38:54 INFO jvm.JvmMetrics: Initializing JVM Metrics with processName=JobTracker, sessionId=
22/06/20 12:38:54 INFO jvm.JvmMetrics: Cannot initialize JVM Metrics with processName=JobTracker, sessionId= - already initialized
22/06/20 12:38:54 WARN mapreduce.JobSubmitter: Hadoop command-line option parsing not performed. Implement the Tool interface and execute your application with ToolRunner to remedy this.
22/06/20 12:38:54 INFO mapred.FileInputFormat: Total input paths to process : 1
22/06/20 12:38:54 INFO mapreduce.JobSubmitter: number of splits:1
22/06/20 12:38:54 INFO mapreduce.JobSubmitter: Submitting tokens for job: job_local753784006_0001
22/06/20 12:38:54 INFO mapreduce.Job: The url to track the job: http://localhost:8080/
22/06/20 12:38:54 INFO mapred.LocalJobRunner: OutputCommitter set in config null
22/06/20 12:38:54 INFO mapreduce.Job: Running job: job_local753784006_0001
22/06/20 12:38:54 INFO mapred.LocalJobRunner: OutputCommitter is org.apache.hadoop.mapred.FileOutputCommitter
22/06/20 12:38:54 INFO mapred.LocalJobRunner: Waiting for map tasks
22/06/20 12:38:54 INFO mapred.LocalJobRunner: Starting task: attempt_local753784006_0001_m_000000_0
22/06/20 12:38:54 INFO mapred.Task:  Using ResourceCalculatorProcessTree : [ ]
22/06/20 12:38:54 INFO mapred.MapTask: Processing split: hdfs://localhost:54310/rgs/team.txt:0+89
22/06/20 12:38:54 INFO mapred.MapTask: numReduceTasks: 1
22/06/20 12:38:54 INFO mapred.MapTask: (EQUATOR) 0 kvi 26214396(104857584)
22/06/20 12:38:54 INFO mapred.MapTask: mapreduce.task.io.sort.mb: 100
22/06/20 12:38:54 INFO mapred.MapTask: soft limit at 83886080
22/06/20 12:38:54 INFO mapred.MapTask: bufstart = 0; bufvoid = 104857600
22/06/20 12:38:54 INFO mapred.MapTask: kvstart = 26214396; length = 6553600
22/06/20 12:38:54 INFO mapred.MapTask: Map output collector class = org.apache.hadoop.mapred.MapTask$MapOutputBuffer
22/06/20 12:38:54 INFO mapred.LocalJobRunner: 
22/06/20 12:38:54 INFO mapred.MapTask: Starting flush of map output
22/06/20 12:38:54 INFO mapred.MapTask: Spilling map output
22/06/20 12:38:54 INFO mapred.MapTask: bufstart = 0; bufend = 169; bufvoid = 104857600
22/06/20 12:38:54 INFO mapred.MapTask: kvstart = 26214396(104857584); kvend = 26214320(104857280); length = 77/6553600
22/06/20 12:38:54 INFO mapred.MapTask: Finished spill 0
22/06/20 12:38:54 INFO mapred.Task: Task:attempt_local753784006_0001_m_000000_0 is done. And is in the process of committing
22/06/20 12:38:54 INFO mapred.LocalJobRunner: hdfs://localhost:54310/rgs/team.txt:0+89
22/06/20 12:38:54 INFO mapred.Task: Task 'attempt_local753784006_0001_m_000000_0' done.
22/06/20 12:38:54 INFO mapred.LocalJobRunner: Finishing task: attempt_local753784006_0001_m_000000_0
22/06/20 12:38:54 INFO mapred.LocalJobRunner: map task executor complete.
22/06/20 12:38:54 INFO mapred.LocalJobRunner: Waiting for reduce tasks
22/06/20 12:38:54 INFO mapred.LocalJobRunner: Starting task: attempt_local753784006_0001_r_000000_0
22/06/20 12:38:54 INFO mapred.Task:  Using ResourceCalculatorProcessTree : [ ]
22/06/20 12:38:54 INFO mapred.ReduceTask: Using ShuffleConsumerPlugin: org.apache.hadoop.mapreduce.task.reduce.Shuffle@65dd3450
22/06/20 12:38:54 INFO reduce.MergeManagerImpl: MergerManager: memoryLimit=334338464, maxSingleShuffleLimit=83584616, mergeThreshold=220663392, ioSortFactor=10, memToMemMergeOutputsThreshold=10
22/06/20 12:38:54 INFO reduce.EventFetcher: attempt_local753784006_0001_r_000000_0 Thread started: EventFetcher for fetching Map Completion Events
22/06/20 12:38:54 INFO reduce.LocalFetcher: localfetcher#1 about to shuffle output of map attempt_local753784006_0001_m_000000_0 decomp: 211 len: 215 to MEMORY
22/06/20 12:38:54 INFO reduce.InMemoryMapOutput: Read 211 bytes from map-output for attempt_local753784006_0001_m_000000_0
22/06/20 12:38:54 INFO reduce.MergeManagerImpl: closeInMemoryFile -> map-output of size: 211, inMemoryMapOutputs.size() -> 1, commitMemory -> 0, usedMemory ->211
22/06/20 12:38:54 INFO reduce.EventFetcher: EventFetcher is interrupted.. Returning
22/06/20 12:38:54 INFO mapred.LocalJobRunner: 1 / 1 copied.
22/06/20 12:38:54 INFO reduce.MergeManagerImpl: finalMerge called with 1 in-memory map-outputs and 0 on-disk map-outputs
22/06/20 12:38:54 INFO mapred.Merger: Merging 1 sorted segments
22/06/20 12:38:54 INFO mapred.Merger: Down to the last merge-pass, with 1 segments left of total size: 205 bytes
22/06/20 12:38:54 INFO reduce.MergeManagerImpl: Merged 1 segments, 211 bytes to disk to satisfy reduce memory limit
22/06/20 12:38:54 INFO reduce.MergeManagerImpl: Merging 1 files, 215 bytes from disk
22/06/20 12:38:54 INFO reduce.MergeManagerImpl: Merging 0 segments, 0 bytes from memory into reduce
22/06/20 12:38:54 INFO mapred.Merger: Merging 1 sorted segments
22/06/20 12:38:54 INFO mapred.Merger: Down to the last merge-pass, with 1 segments left of total size: 205 bytes
22/06/20 12:38:54 INFO mapred.LocalJobRunner: 1 / 1 copied.
22/06/20 12:38:55 INFO mapred.Task: Task:attempt_local753784006_0001_r_000000_0 is done. And is in the process of committing
22/06/20 12:38:55 INFO mapred.LocalJobRunner: 1 / 1 copied.
22/06/20 12:38:55 INFO mapred.Task: Task attempt_local753784006_0001_r_000000_0 is allowed to commit now
22/06/20 12:38:55 INFO output.FileOutputCommitter: Saved output of task 'attempt_local753784006_0001_r_000000_0' to hdfs://localhost:54310/output/_temporary/0/task_local753784006_0001_r_000000
22/06/20 12:38:55 INFO mapred.LocalJobRunner: reduce > reduce
22/06/20 12:38:55 INFO mapred.Task: Task 'attempt_local753784006_0001_r_000000_0' done.
22/06/20 12:38:55 INFO mapred.LocalJobRunner: Finishing task: attempt_local753784006_0001_r_000000_0
22/06/20 12:38:55 INFO mapred.LocalJobRunner: reduce task executor complete.
22/06/20 12:38:55 INFO mapreduce.Job: Job job_local753784006_0001 running in uber mode : false
22/06/20 12:38:55 INFO mapreduce.Job:  map 100% reduce 100%
22/06/20 12:38:55 INFO mapreduce.Job: Job job_local753784006_0001 completed successfully
22/06/20 12:38:55 INFO mapreduce.Job: Counters: 38
	File System Counters
		FILE: Number of bytes read=8798
		FILE: Number of bytes written=508051
		FILE: Number of read operations=0
		FILE: Number of large read operations=0
		FILE: Number of write operations=0
		HDFS: Number of bytes read=178
		HDFS: Number of bytes written=69
		HDFS: Number of read operations=13
		HDFS: Number of large read operations=0
		HDFS: Number of write operations=4
	Map-Reduce Framework
		Map input records=5
		Map output records=20
		Map output bytes=169
		Map output materialized bytes=215
		Input split bytes=87
		Combine input records=0
		Combine output records=0
		Reduce input groups=10
		Reduce shuffle bytes=215
		Reduce input records=20
		Reduce output records=10
		Spilled Records=40
		Shuffled Maps =1
		Failed Shuffles=0
		Merged Map outputs=1
		GC time elapsed (ms)=2
		CPU time spent (ms)=0
		Physical memory (bytes) snapshot=0
		Virtual memory (bytes) snapshot=0
		Total committed heap usage (bytes)=470810624
	Shuffle Errors
		BAD_ID=0
		CONNECTION=0
		IO_ERROR=0
		WRONG_LENGTH=0
		WRONG_MAP=0
		WRONG_REDUCE=0
	File Input Format Counters 
		Bytes Read=89
	File Output Format Counters 
		Bytes Written=69
0
hduser@bmsce-Precision-T1700:/usr/local/hadoop/sbin$ 

